../Drivers/CMSIS/Include/core_cm4.h:1679:22:__NVIC_EnableIRQ	16	static,ignoring_inline_asm
../Drivers/CMSIS/Include/core_cm4.h:1809:22:__NVIC_SetPriority	16	static
../Drivers/STM32L4xx_HAL_Driver/Inc/stm32l4xx_ll_adc.h:3239:22:LL_ADC_SetCommonPathInternalCh	16	static
../Drivers/STM32L4xx_HAL_Driver/Inc/stm32l4xx_ll_adc.h:3905:22:LL_ADC_REG_SetTriggerSource	16	static
../Drivers/STM32L4xx_HAL_Driver/Inc/stm32l4xx_ll_adc.h:4065:22:LL_ADC_REG_SetSequencerLength	16	static
../Drivers/STM32L4xx_HAL_Driver/Inc/stm32l4xx_ll_adc.h:4273:22:LL_ADC_REG_SetSequencerRanks	32	static
../Drivers/STM32L4xx_HAL_Driver/Inc/stm32l4xx_ll_adc.h:4415:22:LL_ADC_REG_SetContinuousMode	16	static
../Drivers/STM32L4xx_HAL_Driver/Inc/stm32l4xx_ll_adc.h:5451:22:LL_ADC_SetChannelSamplingTime	32	static
../Drivers/STM32L4xx_HAL_Driver/Inc/stm32l4xx_ll_adc.h:6774:22:LL_ADC_Enable	16	static
../Drivers/STM32L4xx_HAL_Driver/Inc/stm32l4xx_ll_adc.h:6794:22:LL_ADC_Disable	16	static
../Drivers/STM32L4xx_HAL_Driver/Inc/stm32l4xx_ll_adc.h:6813:26:LL_ADC_IsEnabled	16	static
../Drivers/STM32L4xx_HAL_Driver/Inc/stm32l4xx_ll_adc.h:6852:22:LL_ADC_StartCalibration	16	static
../Drivers/STM32L4xx_HAL_Driver/Inc/stm32l4xx_ll_adc.h:6868:26:LL_ADC_IsCalibrationOnGoing	16	static
../Drivers/STM32L4xx_HAL_Driver/Inc/stm32l4xx_ll_adc.h:6899:22:LL_ADC_REG_StartConversion	16	static
../Drivers/STM32L4xx_HAL_Driver/Inc/stm32l4xx_ll_adc.h:6975:26:LL_ADC_REG_ReadConversionData12	16	static
../Drivers/STM32L4xx_HAL_Driver/Inc/stm32l4xx_ll_adc.h:7291:26:LL_ADC_IsActiveFlag_ADRDY	16	static
../Drivers/STM32L4xx_HAL_Driver/Inc/stm32l4xx_ll_adc.h:7302:26:LL_ADC_IsActiveFlag_EOC	16	static
../Drivers/STM32L4xx_HAL_Driver/Inc/stm32l4xx_ll_adc.h:7426:22:LL_ADC_ClearFlag_EOC	16	static
../Drivers/STM32L4xx_HAL_Driver/Inc/stm32l4xx_ll_adc.h:7437:22:LL_ADC_ClearFlag_EOS	16	static
../Drivers/STM32L4xx_HAL_Driver/Inc/stm32l4xx_ll_usart.h:3676:22:LL_USART_EnableIT_RXNE	40	static,ignoring_inline_asm
../Drivers/STM32L4xx_HAL_Driver/Inc/stm32l4xx_ll_tim.h:1487:22:LL_TIM_EnableCounter	16	static
../Drivers/STM32L4xx_HAL_Driver/Inc/stm32l4xx_ll_tim.h:1627:22:LL_TIM_SetCounterMode	16	static
../Drivers/STM32L4xx_HAL_Driver/Inc/stm32l4xx_ll_tim.h:1782:22:LL_TIM_SetPrescaler	16	static
../Drivers/STM32L4xx_HAL_Driver/Inc/stm32l4xx_ll_tim.h:1809:22:LL_TIM_SetAutoReload	16	static
../Drivers/STM32L4xx_HAL_Driver/Inc/stm32l4xx_ll_tim.h:2022:22:LL_TIM_CC_EnableChannel	16	static
../Drivers/STM32L4xx_HAL_Driver/Inc/stm32l4xx_ll_tim.h:2883:22:LL_TIM_IC_SetActiveInput	32	static
../Drivers/STM32L4xx_HAL_Driver/Inc/stm32l4xx_ll_tim.h:2933:22:LL_TIM_IC_SetPrescaler	32	static
../Drivers/STM32L4xx_HAL_Driver/Inc/stm32l4xx_ll_tim.h:2996:22:LL_TIM_IC_SetFilter	32	static
../Drivers/STM32L4xx_HAL_Driver/Inc/stm32l4xx_ll_tim.h:3062:22:LL_TIM_IC_SetPolarity	32	static
../Drivers/STM32L4xx_HAL_Driver/Inc/stm32l4xx_ll_tim.h:4490:22:LL_TIM_EnableIT_CC1	16	static
../Drivers/STM32L4xx_HAL_Driver/Inc/stm32l4xx_ll_gpio.h:285:22:LL_GPIO_SetPinMode	48	static,ignoring_inline_asm
../Drivers/STM32L4xx_HAL_Driver/Inc/stm32l4xx_ll_gpio.h:425:22:LL_GPIO_SetPinSpeed	48	static,ignoring_inline_asm
../Drivers/STM32L4xx_HAL_Driver/Inc/stm32l4xx_ll_gpio.h:496:22:LL_GPIO_SetPinPull	48	static,ignoring_inline_asm
../Drivers/STM32L4xx_HAL_Driver/Inc/stm32l4xx_ll_gpio.h:568:22:LL_GPIO_SetAFPin_0_7	48	static,ignoring_inline_asm
../Drivers/STM32L4xx_HAL_Driver/Inc/stm32l4xx_ll_bus.h:563:22:LL_AHB2_GRP1_EnableClock	24	static
../Drivers/STM32L4xx_HAL_Driver/Inc/stm32l4xx_ll_bus.h:1087:22:LL_APB1_GRP1_EnableClock	24	static
../Core/Src/main.c:131:13:tsl237_command	24	static
../Core/Src/main.c:152:13:temp_command	48	static
../Core/Src/main.c:174:13:battery_command	24	static
../Core/Src/main.c:193:5:main	16	static
../Core/Src/main.c:301:6:SystemClock_Config	96	static
../Core/Src/main.c:364:13:MX_RTC_Init	80	static
../Core/Src/main.c:447:13:MX_USART2_UART_Init	8	static
../Core/Src/main.c:482:13:MX_GPIO_Init	40	static
../Core/Src/main.c:510:12:parse_command	32	static
../Core/Src/main.c:534:12:execute_command	32	static
../Core/Src/main.c:562:13:help_command	24	static
../Core/Src/main.c:572:13:lon_command	16	static
../Core/Src/main.c:578:13:lof_command	16	static
../Core/Src/main.c:583:13:time_set_command	64	static
../Core/Src/main.c:641:13:date_set_command	48	static
../Core/Src/main.c:697:13:test_command	24	static
../Core/Src/main.c:710:13:print_prompt	56	static
../Core/Src/main.c:724:6:HAL_RTC_AlarmAEventCallback	16	static
../Core/Src/main.c:737:6:Error_Handler	4	static,ignoring_inline_asm
../Core/Src/main.c:749:13:ADC1_Init_Internal	8	static
../Core/Src/main.c:774:17:ADC1_ReadChannel	16	static
../Core/Src/main.c:790:13:TIM2_Init_InputCapture	8	static
