../Core/Src/main.c:70:5:main	16	static
../Core/Src/main.c:129:13:print_prompt	8	static
../Core/Src/main.c:134:12:parse_command	24	static
../Core/Src/main.c:156:12:execute_command	32	static
../Core/Src/main.c:176:13:help_command	16	static
../Core/Src/main.c:185:13:lof_command	16	static
../Core/Src/main.c:190:13:lon_command	16	static
../Core/Src/main.c:195:13:test_command	16	static
../Core/Src/main.c:202:6:SystemClock_Config	96	static
../Core/Src/main.c:229:13:MX_USART2_UART_Init	8	static
../Core/Src/main.c:245:13:MX_GPIO_Init	16	static
../Core/Src/main.c:252:6:Error_Handler	4	static,ignoring_inline_asm
