../Drivers/STM32L4xx_HAL_Driver/Inc/stm32l4xx_ll_usart.h:3151:26:LL_USART_IsActiveFlag_RXNE	16	static
../Core/Src/stm32l4xx_it.c:73:6:NMI_Handler	4	static
../Core/Src/stm32l4xx_it.c:88:6:HardFault_Handler	4	static
../Core/Src/stm32l4xx_it.c:103:6:MemManage_Handler	4	static
../Core/Src/stm32l4xx_it.c:118:6:BusFault_Handler	4	static
../Core/Src/stm32l4xx_it.c:133:6:UsageFault_Handler	4	static
../Core/Src/stm32l4xx_it.c:148:6:SVC_Handler	4	static
../Core/Src/stm32l4xx_it.c:161:6:DebugMon_Handler	4	static
../Core/Src/stm32l4xx_it.c:174:6:PendSV_Handler	4	static
../Core/Src/stm32l4xx_it.c:187:6:SysTick_Handler	8	static
../Core/Src/stm32l4xx_it.c:206:6:USART2_IRQHandler	16	static
