../Drivers/STM32L4xx_HAL_Driver/Inc/stm32l4xx_ll_usart.h:3676:22:LL_USART_EnableIT_RXNE	40	static,ignoring_inline_asm
../Core/Src/main.c:91:5:main	16	static
../Core/Src/main.c:178:6:SystemClock_Config	96	static
../Core/Src/main.c:239:13:MX_USART2_UART_Init	8	static
../Core/Src/main.c:274:13:MX_GPIO_Init	40	static
../Core/Src/main.c:302:12:parse_command	32	static
../Core/Src/main.c:326:12:execute_command	32	static
../Core/Src/main.c:354:13:help_command	24	static
../Core/Src/main.c:364:13:lon_command	16	static
../Core/Src/main.c:370:13:lof_command	16	static
../Core/Src/main.c:376:13:test_command	24	static
../Core/Src/main.c:396:6:Error_Handler	4	static,ignoring_inline_asm
